报告已完成，共 168 行。以下是核心结论摘要：

---

## 核心发现

### 0. 总评：🟠 有对齐缺口

**正文（reader-facing）已对齐 ch7 谨慎立场**，但 **outline.md 含 13 处绝对归类**（8 处 P0/P1 与正文冲突）。

### 1. 归类句全盘点：25 条

| 立场类型 | 数量 | 主要分布 |
|---------|------|---------|
| 谨慎/机制描述（✅ 合格） | 13 条 | ch7/ch9/ch10 正文 |
| 绝对归类（❌ 冲突） | 12 条 | ch7/outline + ch9/outline |

### 2. 横向对比表：表 9-1（大纲）有 CAP 列，正文无

正文三张主要对比表（表 7-1、表 9-1、表 10-1）均已去掉 AP/CP 标签；ch9/outline.md 的表 9-1 仍列 AP/CP，与正文不一致。

### 3. 问题清单（13 个）

- **P0（3个）**：ch7/outline 开篇三软件绝对归类（L13）、AP/CP 系统措辞（L63/L88）、ch9/outline 表列 AP/CP（L74）
- **P1（5个）**：ch9/outline 四句正文式归类、ch7/outline 小结三分法、"坚持 CP 路线"措辞
- **P2（5个）**：细节措辞差异（AP 取舍/强一致表述等）

### 4. 统一口径建议

提供了可直接替换 outline 的**话术样板**（禁用用语 → 替换为机制描述），核心原则：
- 禁止：~~Redis 是 AP~~ → 改为："默认异步复制，分区时优先保持可用，代价是已确认写入可能丢失——社区对其 CAP 归类有争议"
- 禁止：~~MySQL 是 CP~~ → 改为："提供异步/半同步/MGR 三种选项，不能用一个 AP 或 CP 标签概括"

### 5. 总账

| 修复域 | 需改处数 | 影响 |
|--------|---------|------|
| ch7/outline.md | 9 处 | 非构建产物，建议修 |
| ch9/outline.md | 6 处 | 非构建产物，建议修 |
| 正文（chapter.md）| 0 | ✅ 无需修改 |

> **结论**：正文层面的 reader-facing 内容（ch7/ch9/ch10 所有 .chapter.md）均已对齐 ch7 谨慎立场，无 P0 问题。修复焦点是 outline.md 的绝对归类措辞，防止通过编辑流程渗入正文。
