报告已写入。以下是核心发现摘要：

---

## B3 裸数字溯源审计 — 执行摘要

### 整体评价：🟡 中低风险，全书数字状况整体可接受

全书约 **50 条量化数字**，构成如下：
- **官方默认值**：~20 条（40%）— 配置参数系统默认值，合法，无需处理
- **带源/带前提**：~15 条（30%）— 有据可查，合格
- **模糊定性/范围**：~8 条（16%）— 已用"约""量级""可达"修饰，可接受
- **需处理**：**~7 条（14%）** — P0 3条 + P1 7条 + P2 4条

---

### 🔴 P0 核心问题（3 条）

| # | 位置 | 数字 | 问题 | 改法 |
|---|------|------|------|------|
| 1 | ch8:48 | `1GB 内存实例 ≈ 300–500MB 快照` | 无出处；Redis 版本（zstd vs LZF）、数据类型对压缩比影响极大 | **补前提**：加"实际比例随数据类型、Redis 版本变化，以实测为准" |
| 2 | ch4:34 | `fork 大实例数百毫秒` | 无出处；THP/页表/内核版本差异可超一个数量级 | **补前提**：注明"受页表大小和 THP 影响" |
| 3 | ch4:36 | `生产典型 8–128GB` | "生产典型"是行业经验，无权威来源 | **补前提**：注明"具体取决于工作集大小" |

### 🟠 P1 问题（7 条）

关键数字框内的假设负载未标注（ch9）、追赶耗时示例无说明（ch9）、outline 中的 TLS 吞吐降幅数字（60%/37%/25%）outline 虽有自注但仍需改成定性表述。

---

### 与 2026-06 审计的对比

部分彼时指出的条目存在**误读**：
- `ch4:32 "约 1ms/GB"` → 当前正文不存在，仅用"数十毫秒/数百毫秒"模糊区间
- `ch4:33 "命中率 10% 断崖"` → 当前正文无此数字，仅写"接近或超过时急剧下降"
- TLS 60%/37%/25% → **outline 已自注**，正文未使用，这是好的处理

**最需关注**：ch8 RDB 压缩比（300–500MB/GB）和 ch4 fork 开销（"数百毫秒"）仍是最高优先级遗留问题。
