报告已写入。以下是审查的核心发现摘要：

---

## 审查摘要

**总评级**：🟡 中上 — 全书闭环基本兑现，ch7 为全书最佳锚点，ch8/ch9 是主要改进目标。

### 关键发现（13 个问题）

**P0（2 个）**：
- **ch8 N.0**：亲历段落缺少"认知转变句"（无后果→规律提炼的句式），与 ch7 标杆不符
- **ch9 N.7**：对 N.0 核心问题"主节点写入后从节点何时可见"未在正文明确扣回，只在末尾一句给答案

**P1（6 个）**：
- ch3 N.0 钩子"差别来自这三个软件"表述模糊，应改为"一致性保证边界不同"
- ch3~ch7 N.0 均超长（600–800字 vs 目标 150–250字）
- ch8 N.7 收束颗粒度不够（未逐一回应 N.0 的四个子问题）
- ch9 N.0 认知转变句埋得过深
- ch10 N.0 与 N.7 扣连隐晦
- ch2 N.7 跨章预告歧义（第4章误写为进程章）

**亮点**：
- ch7 完全对齐标杆（场景+错误判断+后果+认知转变），全书最佳
- ch2/ch4/ch5/ch6 亲历开篇均完整
- 9/11 章 N.7 含显式前向钩子
- 跨章钩子衔接整体良好
