报告已写入。以下是执行摘要：

---

## C3 审查完成 — 执行摘要

### 核心发现

| 指标 | 结果 |
|------|------|
| N.6 启示总数 | **41 条**（第2–9章）+ 3道练习（第10章） |
| 亲历出处密度 | **14.6%（6/41）**——🔴 不达标 |
| 明确取舍密度 | **100%（41/41）**——🟢 达标 |
| 可证伪判断密度 | **100%（41/41）**——🟢 达标 |
| 空话/泛化条数 | **0**——🟢 达标 |
| 金句引用块（每章 ≤2） | **0–1**——🟢 达标 |

### 根本问题

N.6 的**判断质量极高**，但**亲历密度极低**。同一个作者、同一批经历，亲历故事被系统性锁在 N.0 导读里（8/9章有亲历开场），而 N.6 是亲历荒漠。这是写作习惯造成的结构性失衡，不是偶发遗漏。

### 4个 P0 必须修复

1. **ch3**：章末亲历故事（`kill -9` 丢数据）落在 N.7，未进入 N.6 启示五
2. **ch4**：导读有高质量亲历（选型争论），N.6 全章 5 条启示 0 条亲历
3. **ch7**：库存超卖亲历（大促分区切换、库存被覆盖）完全未进 N.6
4. **ch9**：缓存数据库不一致亲历未进 N.6

### 修复路径

把每章导读的亲历素材**同步注入对应的 N.6 启示**，作为首段锚点。6 处修复（共 P0×4 + P1×2）后，亲历密度可从 14.6% 提升至约 45%，达到"前辈私房经验"的辨识度要求。
