报告完成，249 行。核心发现如下：

---

## 审查结果摘要

### 🔴 核心问题：第 10 章严重超标

**ch10 N.6 启示节含 6 条引用块（5 条规律金句 + 1 条适用边界说明），为限额（≤2）的 3 倍。**

其余章节密度均合规（≤2 块）。

### 全书 `>` 块全盘点（20 条）

| 类型 | 数量 | 代表 |
|------|------|------|
| 规律金句（原则级） | 6 条 | 全集中在 ch10 |
| "关键数字"数据框 | 4 组 | ch4/7/8/9 各1 |
| 知识/版本/旁白说明框 | 4 条 | ch7/8/9/11 |
| 其他 | 6 条 | 书尾/致谢等 |

> **注**：数据框/说明框不计入"金句密度"——style-guide §1.5 的管控对象是"金句"（独立可引用的原则/格言），不是所有引用块。

### P0 问题（必须修复）

| # | 问题 | 修复方向 |
|---|------|---------|
| P0-1 | ch10 N.6 节 6 条 → 压至 ≤2 条 | 方案A：保留2条最强金句，其余改为加粗正文 |
| P0-2 | 规律五"能写出来才算可控"与规律三重义 | 删除五字或改写角度 |

### P1/P2 问题

- P1：3 处无风险（数据/说明框位置合规），1 处需定性（适用边界框是否计入金句）
- P2：7 处可选优化（规律二术语依赖、规律三过长、规律四 hedging 等）

### 结论

全书金句质量整体优秀（6 条均可独立引用，无悬空句），修复 ch10 的 2 个 P0 问题后，密度归零违规。
