报告已完成并写入目标文件。以下是核心发现摘要：

## D4 版本演化表述核验结论

**总评：🟢 总体准确，1 处需修订**

### 核验范围
- **90+ 条**版本演化表述，覆盖 Redis / MySQL / Kafka 三个软件
- 涵盖引入时间、弃用/移除时间、基线子版本一致性三大维度

### 核验结果

| 类别 | 结果 |
|------|------|
| ✅ 准确 | ≥89 条 |
| ⚠️ 表述歧义（P1） | 1 条 |
| ❌ 版本号错误（P0） | **0 条** |

### 唯一发现的问题（P1）

**位置**：`ch06 §6.2`（第 112 行）

**问题**：`protected-mode` 的表述"**在 Redis 7.0 的实现中**"容易让读者误认为这是 7.0 版本的特有行为，而该机制实为 3.2.0 引入，7.0 并未改变其行为。

**建议**：删除"在 Redis 7.0 的实现中"限定语，直接描述行为本身。

### 关键核验亮点

- ✅ Kafka 4.0 彻底移除 ZooKeeper：**全三处（ch1 / ch3 / ch7）表述均准确**
- ✅ KRaft 生产可用（3.3）、deprecated（3.5）、3.9 最后 bridge release：**三处完全一致**
- ✅ MGR 5.7.17 GA / 8.0 增强：**两章互补，无矛盾**
- ✅ 全书基线（Redis 7.x / MySQL 8.0.x / Kafka 3.x）**内部完全统一**
