报告已写入。以下是核心结论摘要：

---

## E2 图表咬合三件套审查结论

**🟢 总评：全绿通过。全书零裸奔图。**

### 审查数据
| 维度 | 数值 |
|------|------|
| 审查章节 | 10 章 |
| 审查图总数 | **64 张**（SVG，无 Mermaid 图） |
| 裸奔图 | **0** |
| 三件套齐全率 | **100%** |
| P0/P1/P2 问题 | **0** |

### 每张图的检查结果
对全部 64 张图逐一核查了：
1. **导语**（图前一句引出）：64/64 ✅
2. **图注**（"图 N-M　标题"格式）：64/64 ✅
3. **解读段**（图后正文解读根因）：64/64 ✅

### 解读段质量亮点
全书解读段普遍做到 style-guide §4.5 要求的"表里看不出来但很关键的根因"，无 AI 味复读图注内容的情况。如图 3-4 解读 redo 往前补 / undo 往后撤的两方向分工、图 4-4 解读 midpoint 门槛的精确作用、图 10-1 解读存储层次与计算机组成原理的跨层关联等，均属高质量解读。

### 发现的 0 个问题
由于 100% 合规，报告内无 P0/P1/P2 问题，仅记录 5 条 P2 级次要观察项（均为图题措辞与正文章节描述的层级粒度细微差异，不影响出版合规性）。
