报告已写入 `/Users/liu/dev/demos/redis-kafka-books/0909/m3/F1-三校落地后回弹审查员.md`（234 行）。

---

## 审查结论摘要

### ✅ 三校 49 处落地：PASS

**全部 49 处改动经验证，改法均正确，未引入新问题。**

| 检查项 | 结果 |
|--------|------|
| 改法正确性 | ✅ 49/49 改法均正确 |
| 引入新 AI 味 | ✅ 无 |
| 越界改意 | ✅ 无 |
| 措辞分裂残留 | ✅ 无（§4 已裁定的四处均已正确处理） |
| 新错别字 | ✅ 无 |

### ⚠️ 新发现（超出三校口径，属 Sept 8/9 新提交）

| 级别 | 问题 | 位置 |
|------|------|------|
| **P0 待核实** | ZRANK vs ZREVRANK 技术错误风险——排行榜场景应使用 ZREVRANK（非 ZRANK） | ch2 导言（Sept 9 提交引入） |
| **P1** | ch8 导读结构重组：个人失误从第3段位移至首段，与 ch2 "我做过一个测试"同构，节奏重复 | ch8 导读（Sept 9 提交） |
| **P1** | ch8 导言新增"如果我们要给自己的系统设计一个文件格式"——教程腔前移（§1.3an 同族） | ch8 导读（Sept 9 提交） |
| **P1** | ch2 跳表节新增 ZSET 并联结构解释，句子密度显著增加 | ch2 跳表节（Sept 9 提交） |

### 技术说明

三校报告中的 ch8 行号（ch8:5/15/66/108 等）在当前文件中找不到原句位置，原因是 **Sept 9 提交对 ch8 导读做了段落重组**，改变了行号分布。**所有 49 处改法已通过文本搜索确认实质落地。**
