报告已写入。以下是执行摘要：

---

## F2 审查完成 ✅

报告路径：`/Users/liu/dev/demos/redis-kafka-books/0909/m3/F2-跨章重复论点与措辞变体审查员.md`

### 总评：🟢 通过

| 检查项 | 结果 |
|--------|------|
| **N.6 启示内容论点** | ✅ 无跨章重叠（8 章主题各异） |
| **N.6 启示句式骨架** | ✅ 各章"目标→实现→代价"逻辑不同 |
| **N.7 小结末段** | ✅ 8 章论点独立，无重复 |
| **"用A换B"取舍句密度** | ✅ 属取舍段笔法，密度合理 |
| **章首开篇** | ✅ 亲历/观察/论点三套交替，无单一模板 |
| **段末抽象收口** | ✅ 无高密度"这就是X的根因"集中重复 |
| **措辞变体** | ✅ 跨章变体均有语境区分，合法 |
| **特定论点重复** | ⚠️ P2：ch5+ch7 "维度是观察工具，不是评判标准"逐字重复（有意为之，低风险） |
| **N.7 前向钩子** | ⚠️ P1-B：8 条"下一章会展开X"结构相同（内容各异） |
| **章末实践句** | ⚠️ P1-A：8 条"我自己做X前先Y"同模板（§1.3al 合规登记，零删除） |

### 关键发现
- **P0 = 0 处**（全书无跨章重复论点）
- **P1 = 3 处**结构性模板（已登记合规，不影响出版）
- **P2 = 1 处**"维度是观察工具"逐字重复于 ch5+ch7（作者有意为之，建议加括号注明或换措辞）
